I'm sorry, but errors were detected in your script. Please correct the
errors listed below, and try again.


File "game/script.rpy", line 46: expected statement.
    fade
         ^

Ren'Py Version: Ren'Py 8.4.1.25072401
Mon Aug 24 23:29:32 2026
